<?xml version="1.0" encoding="UTF-8"?>
<testsuites name="jest tests" tests="9" failures="0" errors="0" time="1.199">
  <testsuite name="GET /api/users" errors="0" failures="0" skipped="0" timestamp="2026-10-08T19:15:47" time="0.953" tests="9">
    <testcase classname="GET /api/users returns a list of users" name="GET /api/users returns a list of users" time="0.052">
    </testcase>
    <testcase classname="GET /api/users returns 500 if the database call fails" name="GET /api/users returns 500 if the database call fails" time="0.034">
    </testcase>
    <testcase classname="POST /api/users creates a user when name and email are provided" name="POST /api/users creates a user when name and email are provided" time="0.024">
    </testcase>
    <testcase classname="POST /api/users rejects with 400 when name is missing" name="POST /api/users rejects with 400 when name is missing" time="0.007">
    </testcase>
    <testcase classname="POST /api/users rejects with 400 when email is missing" name="POST /api/users rejects with 400 when email is missing" time="0.006">
    </testcase>
    <testcase classname="POST /api/users returns 500 if creation fails" name="POST /api/users returns 500 if creation fails" time="0.013">
    </testcase>
    <testcase classname="DELETE /api/users/:id deletes a user and returns 204" name="DELETE /api/users/:id deletes a user and returns 204" time="0.006">
    </testcase>
    <testcase classname="DELETE /api/users/:id returns 500 if deletion fails" name="DELETE /api/users/:id returns 500 if deletion fails" time="0.008">
    </testcase>
    <testcase classname="GET /health returns status ok with a mongo connection state" name="GET /health returns status ok with a mongo connection state" time="0.009">
    </testcase>
  </testsuite>
</testsuites>